Renesas Optimizing Linker (V3.05.00 )             20-Dec-2025 15:17:00

*** Options ***

-MAKEUD=DefaultBuild\rl78EPL80.lk.ud
-subcommand=Output\rl78EPL80.clnk
-Input=Output\dMisc.obj
-Input=Output\cstart.obj
-Input=Output\hdwinit.obj
-Input=Output\stkinit.obj
-Input=Output\main.obj
-Input=Output\dDisplay.obj
-Input=Output\AppDisplay.obj
-Input=Output\AppVariables.obj
-Input=Output\dClock.obj
-Input=Output\AppPowerOnInit.obj
-Input=Output\d8bitTimer.obj
-Input=Output\dRtc.obj
-Input=Output\AppMisc.obj
-Input=Output\di2c.obj
-Input=Output\dIOCtrl.obj
-Input=Output\dUart.obj
-Input=Output\d12bitTimer.obj
-Input=Output\dDeltaSigmaADC.obj
-Input=Output\AppOneSecondTask.obj
-Input=Output\AppBilling.obj
-Input=Output\AppMD.obj
-Input=Output\AppScheduleAction.obj
-Input=Output\AppTod.obj
-Input=Output\AppBlockDailyLS.obj
-Input=Output\AppCalibration.obj
-Input=Output\AppCommunication.obj
-Input=Output\AppIntervalkWh.obj
-Input=Output\r_dlms_data.obj
-Input=Output\r_dlms_data_hls.obj
-Input=Output\r_dlms_data_ic.obj
-Input=Output\r_dlms_data_meter.obj
-Input=Output\r_dlms_user_interface.obj
-Input=Output\r_dlms_obis.obj
-Input=Output\r_dlms_obis_ic.obj
-Input=Output\serial.obj
-Input=Output\Timer.obj
-Input=Output\DLMS_User.obj
-Input=Output\AppTampers.obj
-Input=Output\AppBatteryManagement.obj
-Input=Output\dWatchDog.obj
-Input=Output\dVBat.obj
-Input=Output\dLVD.obj
-Input=Output\AppNMTask.obj
-Input=Output\AppProductionProcess.obj
-Input=Output\AppParaLimits.obj
-Input=Output\AppDefaultSet.obj
-Input=Output\BootResetVTable.obj
-Input=Output\dOsd.obj
-Input=Output\AppHarmonics.obj
-Input=Output\dDCImmunity.obj
-Input=Output\AppCustomerProtocol.obj
-Input=Output\AppUpdateComments.obj
-Input=Output\AppAccessProd.obj
-LIBrary=rlDlms\meter_app\aes\AES_128_EBC_CCRL.lib
-LIBrary=rlDlms\Lib\DLMSLib_RL78_V0.8.9_Common_IndiaSupport_CCRL_V106_AutoNoFar_OptimizeCode.lib
-LIBrary=rlDevice\DCImmunity\ccrl_rl78i1c_sw_dc_detection_only.lib
-SECURITY_ID=00000000000000000000
-DEVICE=C:\Program Files (x86)\Renesas Electronics\CS+\CC\Device\RL78\Devicefile\DR5F11TLG.DVF
-DEBug
-NOCOmpress
-NOOPtimize
-OUtput=DefaultBuild\rl78EPL80.abs
-LIBrary=C:\Program Files (x86)\Renesas Electronics\CS+\CC\CC-RL\V1.12.00\lib\rl78em4s.lib
-LIBrary=C:\Program Files (x86)\Renesas Electronics\CS+\CC\CC-RL\V1.12.00\lib\malloc_n.lib
-LIBrary=C:\Program Files (x86)\Renesas Electronics\CS+\CC\CC-RL\V1.12.00\lib\rl78em4r.lib
-OCDBG=84
-DEBUG_MONITOR
-USER_OPT_BYTE=FE5FE2
-LISt=DefaultBuild\rl78EPL80.map
-SHow=SYmbol,Reference,Xreference,Total_size,VECTOR,STRUCT,RELOCATION_ATTRIBUTE
-STARt=.const,.text,.RLIB,.SLIB,.textf,.constf,.data,.sdata/03000,.dataR,.bss/FDF00,.sdataR,.sbss/FFE20
-ROm=.data=.dataR
-ROm=.sdata=.sdataR
-NOMessage
-NOLOgo
-end

*** Error information ***

*** Mapping List ***

SECTION                            START      END         SIZE   ALIGN ATTRIBUTE
.vect
                                  00000000  0000007f        80   0     OTHER
.option_byte
                                  000000c0  000000c3         4   1     OPT_BYTE
.security_id
                                  000000c4  000000cd         a   1     SECUR_ID
.monitor1
                                  000000ce  000000d7         a   1     DATA_AT
DEFAULT_SET_AT400
                                  00000400  00000535       136   1     TEXT_AT
BOOT_VTABLE_AT1000
                                  00001000  00002fff      2000   1     TEXT_AT
.const
                                  00003000  000060af      30b0   2     CONST
.text
                                  000060b0  000068d4       825   1     TEXT
.RLIB
                                  000068d5  00007219       945   1     TEXTF
.SLIB
                                  0000721a  00007475       25c   1     TEXTF
.textf
                                  00007476  0001f720     182ab   1     TEXTF
.constf
                                  0001f722  0001f722         0   2     CONSTF
.data
                                  0001f722  0001fc61       540   2     DATA
.sdata
                                  0001fc62  0001fc62         0   2     SDATA
.monitor2
                                  0001fe00  0001ffff       200   1     DATA_AT
.dataR
                                  000fdf00  000fe43f       540   2     DATA(R)
.bss
                                  000fe440  000ffbc9      178a   2     BSS
.sdataR
                                  000ffe20  000ffe20         0   2     SDATA(R)
.sbss
                                  000ffe20  000ffe20         0   2     SBSS

*** Total Section Size ***

RAMDATA SECTION:  00001cca Byte(s)
ROMDATA SECTION:  00003888 Byte(s)
PROGRAM SECTION:  0001b7a7 Byte(s)

*** Symbol List ***

SECTION=
FILE=                               START        END    SIZE
  SYMBOL                            ADDR        SIZE    INFO      COUNTS  OPT
    STRUCT                                      SIZE
      MEMBER                        ADDR        SIZE    INFO

SECTION=.vect
FILE=rlink_generates_04
                                  00000000  0000007f        80

SECTION=.option_byte
FILE=rlink_generates_01
                                  000000c0  000000c3         4

SECTION=.security_id
FILE=rlink_generates_03
                                  000000c4  000000cd         a

SECTION=.monitor1
FILE=rlink_generates_02
                                  000000ce  000000d7         a

SECTION=DEFAULT_SET_AT400
FILE=Output\AppDefaultSet.obj
                                  00000400  00000535       136
  FLASH_FW_VERSION
                                  00000400         0   none ,l         0
  FLASH_NO_OF_CATEGORY
                                  00000410         0   none ,l         0
  FLASH_PRE_BILL_SINGLE_ACTION
                                  00000411         0   none ,l         0
  FLASH_PASSIVE_SEA_ACT_TIME
                                  00000417         0   none ,l         0
  FLASH_MD_PERIOD
                                  0000041d         0   none ,l         0
  FLASH_LS_PERIOD
                                  00000420         0   none ,l         0
  FLASH_PRE_BILL_DAY_TYPE
                                  00000423         0   none ,l         0
  FLASH_ACTIVE_CAL_NAME
                                  00000426         0   none ,l         0
  FLASH_ACTIVE_SEASON1_ZONE_TIME
                                  0000045d         0   none ,l         0
  FLASH_ACTIVE_SEASON2_ZONE_TIME
                                  00000477         0   none ,l         0
  FLASH_ACTIVE_SEASON_TIME
                                  00000491         0   none ,l         0
  FLASH_PASSIVE_CAL_NAME
                                  00000499         0   none ,l         0
  FLASH_PASSIVE_SEASON1_ZONE_TIME
                                  000004d0         0   none ,l         0
  FLASH_PASSIVE_SEASON2_ZONE_TIME
                                  000004ea         0   none ,l         0
  FLASH_PASSIVE_SEASON_TIME
                                  00000504         0   none ,l         0
  FLASH_IS_MEMORY_CLEARED
                                  0000050c         0   none ,l         0
  FLASH_DEFAULT_LLS_KEY
                                  00000511         0   none ,l         0
  FLASH_DEFAULT_HLS_KEY
                                  0000051a         0   none ,l         0
  FLASH_DEFAULT_KONO
                                  0000052b         0   none ,l         0

SECTION=BOOT_VTABLE_AT1000
FILE=Output\BootResetVTable.obj
                                  00001000  00002fff      2000

SECTION=.const
FILE=Output\AppDisplay.obj
                                  00003000  00003c71       c72
  _lcdParamIDBuff
                                  00003000       306   data ,g         6
  _txtmsg
                                  00003306       2e0   data ,g         d
  _disp
                                  000035e6       682   data ,g         4
    struct lcdmap {
                                                   e
      _disp.Data
                                  000035e6         4   [near pointer]
      _disp.eep_addr
                                  000035e8         1   unsigned char
      _disp.digits
                                  000035e9         1   unsigned char
      _disp.offset
                                  000035ea         1   unsigned char
      _disp.modifier
                                  000035eb         1   unsigned char
      _disp.divisor
                                  000035ec         1   unsigned char
      _disp.symbol1
                                  000035ed         1   unsigned char
      _disp.symbol2
                                  000035ee         1   unsigned char
      _disp.symbol3
                                  000035ef         1   unsigned char
      _disp.id
                                  000035f0         1   unsigned char
      _disp.txtid
                                  000035f1         1   unsigned char
      _disp.time
                                  000035f2         1   unsigned char
      _disp.startdigit
                                  000035f3         1   unsigned char
    }
  _digit
                                  00003c68         a   data ,g         3
FILE=Output\AppMisc.obj
                                  00003c72  00003c95        24
FILE=Output\di2c.obj
                                  00003c96  00003c99         4
FILE=Output\AppBlockDailyLS.obj
                                  00003c9a  00003c9d         4
  _gbltotaldays
                                  00003c9a         4   data ,g         7
FILE=Output\AppCommunication.obj
                                  00003c9e  00003cdb        3e
  _eeprom_default_set
                                  00003c9e        22   data ,g         1
FILE=Output\r_dlms_data.obj
                                  00003cdc  00003e34       159
  _class03ParamID
                                  00003cdc        26   data ,g         2
  _g_Class07_InstScalerBuffer
                                  00003d02        20   data ,g         1
    struct tag_scaler_unit_t {
                                                   2
      _g_Class07_InstScalerBuffer.scaler
                                  00003d02         1   signed char
      _g_Class07_InstScalerBuffer.unit
                                  00003d03         1   enum tag_physical_unit_t
    }
  _g_Class07_BlockloadScalerBuffer
                                  00003d22         e   data ,g         1
    struct tag_scaler_unit_t {
                                                   2
      _g_Class07_BlockloadScalerBuffer.scaler
                                  00003d22         1   signed char
      _g_Class07_BlockloadScalerBuffer.unit
                                  00003d23         1   enum tag_physical_unit_t
    }
  _g_Class07_DailyloadScalerBuffer
                                  00003d30         4   data ,g         1
    struct tag_scaler_unit_t {
                                                   2
      _g_Class07_DailyloadScalerBuffer.scaler
                                  00003d30         1   signed char
      _g_Class07_DailyloadScalerBuffer.unit
                                  00003d31         1   enum tag_physical_unit_t
    }
  _g_Class07_BillingScalerBuffer
                                  00003d34        50   data ,g         1
    struct tag_scaler_unit_t {
                                                   2
      _g_Class07_BillingScalerBuffer.scaler
                                  00003d34         1   signed char
      _g_Class07_BillingScalerBuffer.unit
                                  00003d35         1   enum tag_physical_unit_t
    }
  _g_Class07_Event0ScalerBuffer
                                  00003d84         c   data ,g         1
    struct tag_scaler_unit_t {
                                                   2
      _g_Class07_Event0ScalerBuffer.scaler
                                  00003d84         1   signed char
      _g_Class07_Event0ScalerBuffer.unit
                                  00003d85         1   enum tag_physical_unit_t
    }
FILE=Output\r_dlms_data_ic.obj
                                  00003e36  000053b1      157c
  _g_Class07_Dailyload_CapturePeriod
                                  00003e36         4   data ,g         1
  _g_AccessRightTable
                                  00003e3a        b4   data ,g        69
    struct tag_access_right_t {
                                                   6
      _g_AccessRightTable.attributes
                                  00003e3a         4   unsigned long
      _g_AccessRightTable.methods
                                  00003e3e         2   unsigned short
    }
  _g_Class01_Dailyload_interval
                                  00003eee         4   data ,g         1
  _g_ChildTableClass01
                                  00003ef2       18c   data ,g         5
    struct tag_class01_child_record_t {
                                                  12
      _g_ChildTableClass01.logical_name
                                  00003ef2         6   unsigned char
      _g_ChildTableClass01.p_access_right
                                  00003ef8         4   [near pointer]
      _g_ChildTableClass01.value
                                  00003efa         a
    struct tag_dyn_value_t {
                                                   a
      _g_ChildTableClass01.value.choice
                                  00003efa         2
    struct tag_choice_t {
                                                   2
      _g_ChildTableClass01.value.choice.type
                                  00003efa         1   enum tag_attr_type_t
      _g_ChildTableClass01.value.choice.size
                                  00003efb         1   signed char
    }
      _g_ChildTableClass01.value.buffer
                                  00003efc         4   [near pointer]
      _g_ChildTableClass01.value.access
                                  00003efe         6
    struct tag_attr_access_t {
                                                   6
      _g_ChildTableClass01.value.access.method
                                  00003efe         1   enum tag_attr_access_method_t
      _g_ChildTableClass01.value.access.addr
                                  00003f00         2   unsigned short
      _g_ChildTableClass01.value.access.size
                                  00003f02         2   unsigned short
    }
    }
    }
  _g_ChildTableLengthClass01
                                  0000407e         2   data ,g         2
  _g_ChildTableClass03
                                  00004080       2f8   data ,g         4
    struct tag_class03_child_record_t {
                                                  14
      _g_ChildTableClass03.logical_name
                                  00004080         6   unsigned char
      _g_ChildTableClass03.p_access_right
                                  00004086         4   [near pointer]
      _g_ChildTableClass03.value
                                  00004088         a
    struct tag_dyn_value_t {
                                                   a
      _g_ChildTableClass03.value.choice
                                  00004088         2
    struct tag_choice_t {
                                                   2
      _g_ChildTableClass03.value.choice.type
                                  00004088         1   enum tag_attr_type_t
      _g_ChildTableClass03.value.choice.size
                                  00004089         1   signed char
    }
      _g_ChildTableClass03.value.buffer
                                  0000408a         4   [near pointer]
      _g_ChildTableClass03.value.access
                                  0000408c         6
    struct tag_attr_access_t {
                                                   6
      _g_ChildTableClass03.value.access.method
                                  0000408c         1   enum tag_attr_access_method_t
      _g_ChildTableClass03.value.access.addr
                                  0000408e         2   unsigned short
      _g_ChildTableClass03.value.access.size
                                  00004090         2   unsigned short
    }
    }
      _g_ChildTableClass03.scaler_unit
                                  00004092         2
    struct tag_scaler_unit_t {
                                                   2
      _g_ChildTableClass03.scaler_unit.scaler
                                  00004092         1   signed char
      _g_ChildTableClass03.scaler_unit.unit
                                  00004093         1   enum tag_physical_unit_t
    }
    }
  _g_ChildTableLengthClass03
                                  00004378         2   data ,g         2
  _g_Class04_ActiveMDStatus
                                  0000437a         3   data ,g        11
  _g_Class04_ApparentMDStatus
                                  0000437d         3   data ,g         1
  _g_ChildTableClass04
                                  00004380       2d0   data ,g         4
    struct tag_class04_child_record_t {
                                                  28
      _g_ChildTableClass04.logical_name
                                  00004380         6   unsigned char
      _g_ChildTableClass04.p_access_right
                                  00004386         4   [near pointer]
      _g_ChildTableClass04.value
                                  00004388         a
    struct tag_dyn_value_t {
                                                   a
      _g_ChildTableClass04.value.choice
                                  00004388         2
    struct tag_choice_t {
                                                   2
      _g_ChildTableClass04.value.choice.type
                                  00004388         1   enum tag_attr_type_t
      _g_ChildTableClass04.value.choice.size
                                  00004389         1   signed char
    }
      _g_ChildTableClass04.value.buffer
                                  0000438a         4   [near pointer]
      _g_ChildTableClass04.value.access
                                  0000438c         6
    struct tag_attr_access_t {
                                                   6
      _g_ChildTableClass04.value.access.method
                                  0000438c         1   enum tag_attr_access_method_t
      _g_ChildTableClass04.value.access.addr
                                  0000438e         2   unsigned short
      _g_ChildTableClass04.value.access.size
                                  00004390         2   unsigned short
    }
    }
      _g_ChildTableClass04.scaler_unit
                                  00004392         2
    struct tag_scaler_unit_t {
                                                   2
      _g_ChildTableClass04.scaler_unit.scaler
                                  00004392         1   signed char
      _g_ChildTableClass04.scaler_unit.unit
                                  00004393         1   enum tag_physical_unit_t
    }
      _g_ChildTableClass04.status
                                  00004394         a
    struct tag_dyn_value_t {
                                                   a
      _g_ChildTableClass04.status.choice
                                  00004394         2
    struct tag_choice_t {
                                                   2
      _g_ChildTableClass04.status.choice.type
                                  00004394         1   enum tag_attr_type_t
      _g_ChildTableClass04.status.choice.size
                                  00004395         1   signed char
    }
      _g_ChildTableClass04.status.buffer
                                  00004396         4   [near pointer]
      _g_ChildTableClass04.status.access
                                  00004398         6
    struct tag_attr_access_t {
                                                   6
      _g_ChildTableClass04.status.access.method
                                  00004398         1   enum tag_attr_access_method_t
      _g_ChildTableClass04.status.access.addr
                                  0000439a         2   unsigned short
      _g_ChildTableClass04.status.access.size
                                  0000439c         2   unsigned short
    }
    }
      _g_ChildTableClass04.capture_time
                                  0000439e         a
    struct tag_dyn_value_t {
                                                   a
      _g_ChildTableClass04.capture_time.choice
                                  0000439e         2
    struct tag_choice_t {
                                                   2
      _g_ChildTableClass04.capture_time.choice.type
                                  0000439e         1   enum tag_attr_type_t
      _g_ChildTableClass04.capture_time.choice.size
                                  0000439f         1   signed char
    }
      _g_ChildTableClass04.capture_time.buffer
                                  000043a0         4   [near pointer]
      _g_ChildTableClass04.capture_time.access
                                  000043a2         6
    struct tag_attr_access_t {
                                                   6
      _g_ChildTableClass04.capture_time.access.method
                                  000043a2         1   enum tag_attr_access_method_t
      _g_ChildTableClass04.capture_time.access.addr
                                  000043a4         2   unsigned short
      _g_ChildTableClass04.capture_time.access.size
                                  000043a6         2   unsigned short
    }
    }
    }
  _g_ChildTableLengthClass04
                                  00004650         2   data ,g         2
  _g_Class07_SortObject
                                  00004652         c   data ,g         f
    struct tag_class07_capture_object_t {
                                                   c
      _g_Class07_SortObject.logical_name
                                  00004652         6   unsigned char
      _g_Class07_SortObject.class_id
                                  00004658         2   unsigned short
      _g_Class07_SortObject.attr_id
                                  0000465a         2   unsigned short
      _g_Class07_SortObject.data_id
                                  0000465c         2   unsigned short
    }
  _g_Class07_SortMethod
                                  0000465e         1   data ,g         f
  _g_Class07_NoCapturePeriod
                                  00004660         4   data ,g         d
  _g_Class07_FixCurrentEntry
                                  00004664         2   data ,g         7
  _g_Class07_UniqueEntries
                                  00004666         4   data ,g         e
  _g_Class07_InstCaptureObjects
                                  0000466a        f0   data ,g         1
    struct tag_class07_capture_object_t {
                                                   c
      _g_Class07_InstCaptureObjects.logical_name
                                  0000466a         6   unsigned char
      _g_Class07_InstCaptureObjects.class_id
                                  00004670         2   unsigned short
      _g_Class07_InstCaptureObjects.attr_id
                                  00004672         2   unsigned short
      _g_Class07_InstCaptureObjects.data_id
                                  00004674         2   unsigned short
    }
  _g_Class07_InstCaptureObjectsLength
                                  0000475a         2   data ,g         1
  _PARA_RAM_SIZE_INSTANT
                                  0000475c        14   data ,g         1
  _g_Class07_InstCaptureObjects_Scaler
                                  00004770        90   data ,g         1
    struct tag_class07_capture_object_t {
                                                   c
      _g_Class07_InstCaptureObjects_Scaler.logical_name
                                  00004770         6   unsigned char
      _g_Class07_InstCaptureObjects_Scaler.class_id
                                  00004776         2   unsigned short
      _g_Class07_InstCaptureObjects_Scaler.attr_id
                                  00004778         2   unsigned short
      _g_Class07_InstCaptureObjects_Scaler.data_id
                                  0000477a         2   unsigned short
    }
  _g_Class07_InstCaptureObjectsLength_Scaler
                                  00004800         2   data ,g         1
  _g_Class07_BlockloadCaptureObjects
                                  00004802        60   data ,g         1
    struct tag_class07_capture_object_t {
                                                   c
      _g_Class07_BlockloadCaptureObjects.logical_name
                                  00004802         6   unsigned char
      _g_Class07_BlockloadCaptureObjects.class_id
                                  00004808         2   unsigned short
      _g_Class07_BlockloadCaptureObjects.attr_id
                                  0000480a         2   unsigned short
      _g_Class07_BlockloadCaptureObjects.data_id
                                  0000480c         2   unsigned short
    }
  _g_Class07_BlockloadCaptureObjectsLength
                                  00004862         2   data ,g         1
  _PARA_RAM_SIZE_BLOCKLOAD
                                  00004864         8   data ,g         1
  _g_Class07_BlockloadCaptureObjects_Scaler
                                  0000486c        54   data ,g         1
    struct tag_class07_capture_object_t {
                                                   c
      _g_Class07_BlockloadCaptureObjects_Scaler.logical_name
                                  0000486c         6   unsigned char
      _g_Class07_BlockloadCaptureObjects_Scaler.class_id
                                  00004872         2   unsigned short
      _g_Class07_BlockloadCaptureObjects_Scaler.attr_id
                                  00004874         2   unsigned short
      _g_Class07_BlockloadCaptureObjects_Scaler.data_id
                                  00004876         2   unsigned short
    }
  _g_Class07_BlockloadCaptureObjectsLength_Scaler
                                  000048c0         2   data ,g         1
  _g_Class07_Blockload_MaxEntries
                                  000048c2         4   data ,g         1
  _g_Class07_DailyloadCaptureObjects
                                  000048c6        24   data ,g         1
    struct tag_class07_capture_object_t {
                                                   c
      _g_Class07_DailyloadCaptureObjects.logical_name
                                  000048c6         6   unsigned char
      _g_Class07_DailyloadCaptureObjects.class_id
                                  000048cc         2   unsigned short
      _g_Class07_DailyloadCaptureObjects.attr_id
                                  000048ce         2   unsigned short
      _g_Class07_DailyloadCaptureObjects.data_id
                                  000048d0         2   unsigned short
    }
  _g_Class07_DailyloadCaptureObjectsLength
                                  000048ea         2   data ,g         1
  _PARA_RAM_SIZE_DAILYLOAD
                                  000048ec         3   data ,g         1
  _g_Class07_DailyloadCaptureObjects_Scaler
                                  000048f0        18   data ,g         1
    struct tag_class07_capture_object_t {
                                                   c
      _g_Class07_DailyloadCaptureObjects_Scaler.logical_name
                                  000048f0         6   unsigned char
      _g_Class07_DailyloadCaptureObjects_Scaler.class_id
                                  000048f6         2   unsigned short
      _g_Class07_DailyloadCaptureObjects_Scaler.attr_id
                                  000048f8         2   unsigned short
      _g_Class07_DailyloadCaptureObjects_Scaler.data_id
                                  000048fa         2   unsigned short
    }
  _g_Class07_DailyloadCaptureObjectsLength_Scaler
                                  00004908         2   data ,g         1
  _g_Class07_Dailyload_MaxEntries
                                  0000490a         4   data ,g         1
  _g_Class07_BillingCaptureObjects
                                  0000490e       2d0   data ,g         1
    struct tag_class07_capture_object_t {
                                                   c
      _g_Class07_BillingCaptureObjects.logical_name
                                  0000490e         6   unsigned char
      _g_Class07_BillingCaptureObjects.class_id
                                  00004914         2   unsigned short
      _g_Class07_BillingCaptureObjects.attr_id
                                  00004916         2   unsigned short
      _g_Class07_BillingCaptureObjects.data_id
                                  00004918         2   unsigned short
    }
  _g_Class07_BillingCaptureObjectsLength
                                  00004bde         2   data ,g         1
  _PARA_RAM_SIZE_BILLING
                                  00004be0        3c   data ,g         1
  _g_Class07_BillingCaptureObjects_Scaler
                                  00004c1c       1e0   data ,g         1
    struct tag_class07_capture_object_t {
                                                   c
      _g_Class07_BillingCaptureObjects_Scaler.logical_name
                                  00004c1c         6   unsigned char
      _g_Class07_BillingCaptureObjects_Scaler.class_id
                                  00004c22         2   unsigned short
      _g_Class07_BillingCaptureObjects_Scaler.attr_id
                                  00004c24         2   unsigned short
      _g_Class07_BillingCaptureObjects_Scaler.data_id
                                  00004c26         2   unsigned short
    }
  _g_Class07_BillingCaptureObjectsLength_Scaler
                                  00004dfc         2   data ,g         1
  _g_Class07_Billing_MaxEntries
                                  00004dfe         4   data ,g         1
  _g_Class07_Event0CaptureObjects
                                  00004e02        60   data ,g         1
    struct tag_class07_capture_object_t {
                                                   c
      _g_Class07_Event0CaptureObjects.logical_name
                                  00004e02         6   unsigned char
      _g_Class07_Event0CaptureObjects.class_id
                                  00004e08         2   unsigned short
      _g_Class07_Event0CaptureObjects.attr_id
                                  00004e0a         2   unsigned short
      _g_Class07_Event0CaptureObjects.data_id
                                  00004e0c         2   unsigned short
    }
  _g_Class07_Event1CaptureObjects
                                  00004e62        18   data ,g         1
    struct tag_class07_capture_object_t {
                                                   c
      _g_Class07_Event1CaptureObjects.logical_name
                                  00004e62         6   unsigned char
      _g_Class07_Event1CaptureObjects.class_id
                                  00004e68         2   unsigned short
      _g_Class07_Event1CaptureObjects.attr_id
                                  00004e6a         2   unsigned short
      _g_Class07_Event1CaptureObjects.data_id
                                  00004e6c         2   unsigned short
    }
  _g_Class07_Event2CaptureObjects
                                  00004e7a        60   data ,g         1
    struct tag_class07_capture_object_t {
                                                   c
      _g_Class07_Event2CaptureObjects.logical_name
                                  00004e7a         6   unsigned char
      _g_Class07_Event2CaptureObjects.class_id
                                  00004e80         2   unsigned short
      _g_Class07_Event2CaptureObjects.attr_id
                                  00004e82         2   unsigned short
      _g_Class07_Event2CaptureObjects.data_id
                                  00004e84         2   unsigned short
    }
  _g_Class07_Event3CaptureObjects
                                  00004eda        60   data ,g         1
    struct tag_class07_capture_object_t {
                                                   c
      _g_Class07_Event3CaptureObjects.logical_name
                                  00004eda         6   unsigned char
      _g_Class07_Event3CaptureObjects.class_id
                                  00004ee0         2   unsigned short
      _g_Class07_Event3CaptureObjects.attr_id
                                  00004ee2         2   unsigned short
      _g_Class07_Event3CaptureObjects.data_id
                                  00004ee4         2   unsigned short
    }
  _g_Class07_Event4CaptureObjects
                                  00004f3a        24   data ,g         1
    struct tag_class07_capture_object_t {
                                                   c
      _g_Class07_Event4CaptureObjects.logical_name
                                  00004f3a         6   unsigned char
      _g_Class07_Event4CaptureObjects.class_id
                                  00004f40         2   unsigned short
      _g_Class07_Event4CaptureObjects.attr_id
                                  00004f42         2   unsigned short
      _g_Class07_Event4CaptureObjects.data_id
                                  00004f44         2   unsigned short
    }
  _g_Class07_Event0CaptureObjectsLength
                                  00004f5e         2   data ,g         2
  _g_Class07_Event1CaptureObjectsLength
                                  00004f60         2   data ,g         3
  _PARA_RAM_SIZE_EVENT
                                  00004f62         9   data ,g         1
  _g_Class07_Event0CaptureObjects_Scaler
                                  00004f6c        48   data ,g         1
    struct tag_class07_capture_object_t {
                                                   c
      _g_Class07_Event0CaptureObjects_Scaler.logical_name
                                  00004f6c         6   unsigned char
      _g_Class07_Event0CaptureObjects_Scaler.class_id
                                  00004f72         2   unsigned short
      _g_Class07_Event0CaptureObjects_Scaler.attr_id
                                  00004f74         2   unsigned short
      _g_Class07_Event0CaptureObjects_Scaler.data_id
                                  00004f76         2   unsigned short
    }
  _g_Class07_Event0CaptureObjectsLength_Scaler
                                  00004fb4         2   data ,g         1
  _g_Class07_Event0_MaxEntries
                                  00004fb6         4   data ,g         0
  _g_Class07_Event1_MaxEntries
                                  00004fba         4   data ,g         0
  _g_Class07_Event2_MaxEntries
                                  00004fbe         4   data ,g         0
  _g_Class07_Event3_MaxEntries
                                  00004fc2         4   data ,g         0
  _g_Class07_Event4_MaxEntries
                                  00004fc6         4   data ,g         0
  _g_Class07_NamePlateCaptureObjects
                                  00004fca        54   data ,g         1
    struct tag_class07_capture_object_t {
                                                   c
      _g_Class07_NamePlateCaptureObjects.logical_name
                                  00004fca         6   unsigned char
      _g_Class07_NamePlateCaptureObjects.class_id
                                  00004fd0         2   unsigned short
      _g_Class07_NamePlateCaptureObjects.attr_id
                                  00004fd2         2   unsigned short
      _g_Class07_NamePlateCaptureObjects.data_id
                                  00004fd4         2   unsigned short
    }
  _g_Class07_NamePlateCaptureObjectsLength
                                  0000501e         2   data ,g         1
  _g_ChildTableClass07
                                  00005020       168   data ,g         4
    struct tag_class07_child_record_t {
                                                  18
      _g_ChildTableClass07.logical_name
                                  00005020         6   unsigned char
      _g_ChildTableClass07.p_access_right
                                  00005026         4   [near pointer]
      _g_ChildTableClass07.p_buff
                                  00005028         4   [near pointer]
      _g_ChildTableClass07.p_capture_objects
                                  0000502a         4   [near pointer]
      _g_ChildTableClass07.p_capture_obj_length
                                  0000502c         4   [near pointer]
      _g_ChildTableClass07.p_capture_period
                                  0000502e         4   [near pointer]
      _g_ChildTableClass07.p_sort_method
                                  00005030         4   [near pointer]
      _g_ChildTableClass07.p_sort_object
                                  00005032         4   [near pointer]
      _g_ChildTableClass07.p_entries_in_use
                                  00005034         4   [near pointer]
      _g_ChildTableClass07.p_profile_entries
                                  00005036         4   [near pointer]
    }
  _g_ChildTableLengthClass07
                                  00005188         2   data ,g         1
  _g_Class08_RTC_DaylightSavingsBegin
                                  0000518a         c   data ,g         1
    struct tag_date_time_t {
                                                   c
      _g_Class08_RTC_DaylightSavingsBegin.year_high
                                  0000518a         1   unsigned char
      _g_Class08_RTC_DaylightSavingsBegin.year_low
                                  0000518b         1   unsigned char
      _g_Class08_RTC_DaylightSavingsBegin.month
                                  0000518c         1   unsigned char
      _g_Class08_RTC_DaylightSavingsBegin.day_of_month
                                  0000518d         1   unsigned char
      _g_Class08_RTC_DaylightSavingsBegin.day_of_week
                                  0000518e         1   unsigned char
      _g_Class08_RTC_DaylightSavingsBegin.hour
                                  0000518f         1   unsigned char
      _g_Class08_RTC_DaylightSavingsBegin.minute
                                  00005190         1   unsigned char
      _g_Class08_RTC_DaylightSavingsBegin.second
                                  00005191         1   unsigned char
      _g_Class08_RTC_DaylightSavingsBegin.hundredths
                                  00005192         1   unsigned char
      _g_Class08_RTC_DaylightSavingsBegin.deviation_high
                                  00005193         1   unsigned char
      _g_Class08_RTC_DaylightSavingsBegin.deviation_low
                                  00005194         1   unsigned char
      _g_Class08_RTC_DaylightSavingsBegin.clock_status
                                  00005195         1   unsigned char
    }
  _g_Class08_RTC_DaylightSavingsEnd
                                  00005196         c   data ,g         1
    struct tag_date_time_t {
                                                   c
      _g_Class08_RTC_DaylightSavingsEnd.year_high
                                  00005196         1   unsigned char
      _g_Class08_RTC_DaylightSavingsEnd.year_low
                                  00005197         1   unsigned char
      _g_Class08_RTC_DaylightSavingsEnd.month
                                  00005198         1   unsigned char
      _g_Class08_RTC_DaylightSavingsEnd.day_of_month
                                  00005199         1   unsigned char
      _g_Class08_RTC_DaylightSavingsEnd.day_of_week
                                  0000519a         1   unsigned char
      _g_Class08_RTC_DaylightSavingsEnd.hour
                                  0000519b         1   unsigned char
      _g_Class08_RTC_DaylightSavingsEnd.minute
                                  0000519c         1   unsigned char
      _g_Class08_RTC_DaylightSavingsEnd.second
                                  0000519d         1   unsigned char
      _g_Class08_RTC_DaylightSavingsEnd.hundredths
                                  0000519e         1   unsigned char
      _g_Class08_RTC_DaylightSavingsEnd.deviation_high
                                  0000519f         1   unsigned char
      _g_Class08_RTC_DaylightSavingsEnd.deviation_low
                                  000051a0         1   unsigned char
      _g_Class08_RTC_DaylightSavingsEnd.clock_status
                                  000051a1         1   unsigned char
    }
  _g_Class08_RTC_DaylightSavingsDeviation
                                  000051a2         1   data ,g         1
  _g_Class08_RTC_DaylightSavingsEnabled
                                  000051a3         1   data ,g         1
  _g_Class08_RTC_ClockBase
                                  000051a4         1   data ,g         1
  _g_ChildTableClass08
                                  000051a6        28   data ,g         1
    struct tag_class08_child_record_t {
                                                  28
      _g_ChildTableClass08.logical_name
                                  000051a6         6   unsigned char
      _g_ChildTableClass08.p_access_right
                                  000051ac         4   [near pointer]
      _g_ChildTableClass08.time
                                  000051ae         a
    struct tag_dyn_value_t {
                                                   a
      _g_ChildTableClass08.time.choice
                                  000051ae         2
    struct tag_choice_t {
                                                   2
      _g_ChildTableClass08.time.choice.type
                                  000051ae         1   enum tag_attr_type_t
      _g_ChildTableClass08.time.choice.size
                                  000051af         1   signed char
    }
      _g_ChildTableClass08.time.buffer
                                  000051b0         4   [near pointer]
      _g_ChildTableClass08.time.access
                                  000051b2         6
    struct tag_attr_access_t {
                                                   6
      _g_ChildTableClass08.time.access.method
                                  000051b2         1   enum tag_attr_access_method_t
      _g_ChildTableClass08.time.access.addr
                                  000051b4         2   unsigned short
      _g_ChildTableClass08.time.access.size
                                  000051b6         2   unsigned short
    }
    }
      _g_ChildTableClass08.p_time_zone
                                  000051b8         4   [near pointer]
      _g_ChildTableClass08.status
                                  000051ba         a
    struct tag_dyn_value_t {
                                                   a
      _g_ChildTableClass08.status.choice
                                  000051ba         2
    struct tag_choice_t {
                                                   2
      _g_ChildTableClass08.status.choice.type
                                  000051ba         1   enum tag_attr_type_t
      _g_ChildTableClass08.status.choice.size
                                  000051bb         1   signed char
    }
      _g_ChildTableClass08.status.buffer
                                  000051bc         4   [near pointer]
      _g_ChildTableClass08.status.access
                                  000051be         6
    struct tag_attr_access_t {
                                                   6
      _g_ChildTableClass08.status.access.method
                                  000051be         1   enum tag_attr_access_method_t
      _g_ChildTableClass08.status.access.addr
                                  000051c0         2   unsigned short
      _g_ChildTableClass08.status.access.size
                                  000051c2         2   unsigned short
    }
    }
      _g_ChildTableClass08.p_daylight_savings_begin
                                  000051c4         4   [near pointer]
      _g_ChildTableClass08.p_daylight_savings_end
                                  000051c6         4   [near pointer]
      _g_ChildTableClass08.p_daylight_savings_deviation
                                  000051c8         4   [near pointer]
      _g_ChildTableClass08.p_daylight_savings_enabled
                                  000051ca         4   [near pointer]
      _g_ChildTableClass08.p_clock_base
                                  000051cc         4   [near pointer]
    }
  _g_ChildTableLengthClass08
                                  000051ce         2   data ,g         1
  _g_Class09_param
                                  000051d0         2   data ,g         1
  _g_Class09_param2
                                  000051d2         2   data ,g         4
  _g_Class09_billaction
                                  000051d4        10   data ,g         1
    struct tag_script_action_spec_t {
                                                  10
      _g_Class09_billaction.service_id
                                  000051d4         1   enum tag_service_t
      _g_Class09_billaction.class_id
                                  000051d6         2   unsigned short
      _g_Class09_billaction.logical_name
                                  000051d8         6   unsigned char
      _g_Class09_billaction.index
                                  000051de         1   signed char
      _g_Class09_billaction.parameter
                                  000051e0         4
    struct tag_value_t {
                                                   4
      _g_Class09_billaction.parameter.choice
                                  000051e0         2
    struct tag_choice_t {
                                                   2
      _g_Class09_billaction.parameter.choice.type
                                  000051e0         1   enum tag_attr_type_t
      _g_Class09_billaction.parameter.choice.size
                                  000051e1         1   signed char
    }
      _g_Class09_billaction.parameter.buffer
                                  000051e2         4   [near pointer]
    }
    }
  _g_Class09_Script_Billing
                                  000051e4         6   data ,g         1
    struct tag_script_t {
                                                   6
      _g_Class09_Script_Billing.script_id
                                  000051e4         2   unsigned short
      _g_Class09_Script_Billing.p_actions
                                  000051e6         4   [near pointer]
      _g_Class09_Script_Billing.nr_actions
                                  000051e8         1   unsigned char
    }
  _g_Class09_tariffaction
                                  000051ea        40   data ,g         4
    struct tag_script_action_spec_t {
                                                  10
      _g_Class09_tariffaction.service_id
                                  000051ea         1   enum tag_service_t
      _g_Class09_tariffaction.class_id
                                  000051ec         2   unsigned short
      _g_Class09_tariffaction.logical_name
                                  000051ee         6   unsigned char
      _g_Class09_tariffaction.index
                                  000051f4         1   signed char
      _g_Class09_tariffaction.parameter
                                  000051f6         4
    struct tag_value_t {
                                                   4
      _g_Class09_tariffaction.parameter.choice
                                  000051f6         2
    struct tag_choice_t {
                                                   2
      _g_Class09_tariffaction.parameter.choice.type
                                  000051f6         1   enum tag_attr_type_t
      _g_Class09_tariffaction.parameter.choice.size
                                  000051f7         1   signed char
    }
      _g_Class09_tariffaction.parameter.buffer
                                  000051f8         4   [near pointer]
    }
    }
  _g_Class09_Script_Tariff
                                  0000522a        18   data ,g         1
    struct tag_script_t {
                                                   6
      _g_Class09_Script_Tariff.script_id
                                  0000522a         2   unsigned short
      _g_Class09_Script_Tariff.p_actions
                                  0000522c         4   [near pointer]
      _g_Class09_Script_Tariff.nr_actions
                                  0000522e         1   unsigned char
    }
  _g_ChildTableClass09
                                  00005242        18   data ,g         1
    struct tag_class09_child_record_t {
                                                   c
      _g_ChildTableClass09.logical_name
                                  00005242         6   unsigned char
      _g_ChildTableClass09.p_access_right
                                  00005248         4   [near pointer]
      _g_ChildTableClass09.p_scripts
                                  0000524a         4   [near pointer]
      _g_ChildTableClass09.nr_scripts
                                  0000524c         1   unsigned char
    }
  _g_ChildTableLengthClass09
                                  0000525a         2   data ,g         1
  _secret0
                                  0000525c         1   data ,g         1
  _g_ChildTableClass15
                                  0000525e        54   data ,g        18
    struct tag_class15_child_record_t {
                                                  1c
      _g_ChildTableClass15.logical_name
                                  0000525e         6   unsigned char
      _g_ChildTableClass15.p_access_right
                                  00005264         4   [near pointer]
      _g_ChildTableClass15.partners_id
                                  00005266         4
    struct tag_associated_partners_t {
                                                   4
      _g_ChildTableClass15.partners_id.client_SAP
                                  00005266         1   signed char
      _g_ChildTableClass15.partners_id.server_SAP
                                  00005268         2   unsigned short
    }
      _g_ChildTableClass15.context_id
                                  0000526a         1   unsigned char
      _g_ChildTableClass15.mechanism_id
                                  0000526b         1   unsigned char
      _g_ChildTableClass15.conformance
                                  0000526c         3
    union  tag_conformance_t {
                                                   3
      _g_ChildTableClass15.conformance.bytes
                                  0000526c         3
    struct  {
                                                   3
      _g_ChildTableClass15.conformance.bytes.bytes0
                                  0000526c         1   unsigned char
      _g_ChildTableClass15.conformance.bytes.bytes1
                                  0000526d         1   unsigned char
      _g_ChildTableClass15.conformance.bytes.bytes2
                                  0000526e         1   unsigned char
    }
      _g_ChildTableClass15.conformance.bits
                                  0000526c         3
    struct  {
                                                   3
      _g_ChildTableClass15.conformance.bits.reserved4
                                  0000526c         1   unsigned char:1(7)
      _g_ChildTableClass15.conformance.bits.reserved3
                                  0000526c         1   unsigned char:1(6)
      _g_ChildTableClass15.conformance.bits.unconfirmed_write
                                  0000526c         1   unsigned char:1(5)
      _g_ChildTableClass15.conformance.bits.write
                                  0000526c         1   unsigned char:1(4)
      _g_ChildTableClass15.conformance.bits.read
                                  0000526c         1   unsigned char:1(3)
      _g_ChildTableClass15.conformance.bits.reserved2
                                  0000526c         1   unsigned char:1(2)
      _g_ChildTableClass15.conformance.bits.reserved1
                                  0000526c         1   unsigned char:1(1)
      _g_ChildTableClass15.conformance.bits.reserved0
                                  0000526c         1   unsigned char:1(0)
      _g_ChildTableClass15.conformance.bits.information_report
                                  0000526d         1   unsigned char:1(7)
      _g_ChildTableClass15.conformance.bits.multiple_references
                                  0000526d         1   unsigned char:1(6)
      _g_ChildTableClass15.conformance.bits.block_transfer_with_action
                                  0000526d         1   unsigned char:1(5)
      _g_ChildTableClass15.conformance.bits.block_transfer_with_set
                                  0000526d         1   unsigned char:1(4)
      _g_ChildTableClass15.conformance.bits.block_transfer_with_get
                                  0000526d         1   unsigned char:1(3)
      _g_ChildTableClass15.conformance.bits.attribute0_supported_with_get
                                  0000526d         1   unsigned char:1(2)
      _g_ChildTableClass15.conformance.bits.priority_mgmt_supported
                                  0000526d         1   unsigned char:1(1)
      _g_ChildTableClass15.conformance.bits.attribute0_supported_with_set
                                  0000526d         1   unsigned char:1(0)
      _g_ChildTableClass15.conformance.bits.action
                                  0000526e         1   unsigned char:1(7)
      _g_ChildTableClass15.conformance.bits.event_notification
                                  0000526e         1   unsigned char:1(6)
      _g_ChildTableClass15.conformance.bits.selective_access
                                  0000526e         1   unsigned char:1(5)
      _g_ChildTableClass15.conformance.bits.set
                                  0000526e         1   unsigned char:1(4)
      _g_ChildTableClass15.conformance.bits.get
                                  0000526e         1   unsigned char:1(3)
      _g_ChildTableClass15.conformance.bits.parameterized_access
                                  0000526e         1   unsigned char:1(2)
      _g_ChildTableClass15.conformance.bits.reserved6
                                  0000526e         1   unsigned char:1(1)
      _g_ChildTableClass15.conformance.bits.reserved5
                                  0000526e         1   unsigned char:1(0)
    }
    }
      _g_ChildTableClass15.dlms_version
                                  0000526f         1   unsigned char
      _g_ChildTableClass15.p_secret_key
                                  00005270         4   [near pointer]
      _g_ChildTableClass15.p_shared_key
                                  00005272         4   [near pointer]
      _g_ChildTableClass15.p_status
                                  00005274         4   [near pointer]
      _g_ChildTableClass15.p_authen_status
                                  00005276         4   [near pointer]
      _g_ChildTableClass15.p_security_setup_ref
                                  00005278         4   [near pointer]
    }
  _g_ChildTableLengthClass15
                                  000052c4         2   data ,g         4
  _g_LDN_name1
                                  000052c6         7   data ,g         1
  _g_Class17_SAP_lists
                                  000052ce         6   data ,g         1
    struct tag_asslist_entry_t {
                                                   6
      _g_Class17_SAP_lists.sap
                                  000052ce         2   unsigned short
      _g_Class17_SAP_lists.logical_device_name
                                  000052d0         4
    struct tag_value_t {
                                                   4
      _g_Class17_SAP_lists.logical_device_name.choice
                                  000052d0         2
    struct tag_choice_t {
                                                   2
      _g_Class17_SAP_lists.logical_device_name.choice.type
                                  000052d0         1   enum tag_attr_type_t
      _g_Class17_SAP_lists.logical_device_name.choice.size
                                  000052d1         1   signed char
    }
      _g_Class17_SAP_lists.logical_device_name.buffer
                                  000052d2         4   [near pointer]
    }
    }
  _g_ChildTableClass17
                                  000052d4         c   data ,g         1
    struct tag_class17_child_record_t {
                                                   c
      _g_ChildTableClass17.logical_name
                                  000052d4         6   unsigned char
      _g_ChildTableClass17.p_access_right
                                  000052da         4   [near pointer]
      _g_ChildTableClass17.p_sap_assignment
                                  000052dc         4   [near pointer]
      _g_ChildTableClass17.nr_sap_assignment
                                  000052de         1   unsigned char
    }
  _g_ChildTableLengthClass17
                                  000052e0         2   data ,g         1
  _g_Class20_calendar_active_len
                                  000052e2         1   data ,g         1
  _g_Class20_calendar_passive_len
                                  000052e3         1   data ,g         1
  _g_ChildTableClass20
                                  000052e4        2a   data ,g         1
    struct tag_class20_child_record_t {
                                                  2a
      _g_ChildTableClass20.logical_name
                                  000052e4         6   unsigned char
      _g_ChildTableClass20.p_access_right
                                  000052ea         4   [near pointer]
      _g_ChildTableClass20.p_calendar_name_active
                                  000052ec         4   [near pointer]
      _g_ChildTableClass20.p_calendar_name_active_len
                                  000052ee         4   [near pointer]
      _g_ChildTableClass20.p_season_profile_active
                                  000052f0         4   [near pointer]
      _g_ChildTableClass20.nr_season_profile_active
                                  000052f2         1   unsigned char
      _g_ChildTableClass20.p_week_profile_active
                                  000052f4         4   [near pointer]
      _g_ChildTableClass20.nr_week_profile_active
                                  000052f6         1   unsigned char
      _g_ChildTableClass20.p_day_profile_active
                                  000052f8         4   [near pointer]
      _g_ChildTableClass20.nr_day_profile_active
                                  000052fa         1   unsigned char
      _g_ChildTableClass20.p_calendar_name_passive
                                  000052fc         4   [near pointer]
      _g_ChildTableClass20.p_calendar_name_passive_len
                                  000052fe         4   [near pointer]
      _g_ChildTableClass20.p_season_profile_passive
                                  00005300         4   [near pointer]
      _g_ChildTableClass20.nr_season_profile_passive
                                  00005302         1   unsigned char
      _g_ChildTableClass20.p_week_profile_passive
                                  00005304         4   [near pointer]
      _g_ChildTableClass20.nr_week_profile_passive
                                  00005306         1   unsigned char
      _g_ChildTableClass20.p_day_profile_passive
                                  00005308         4   [near pointer]
      _g_ChildTableClass20.nr_day_profile_passive
                                  0000530a         1   unsigned char
      _g_ChildTableClass20.p_activate_calendar_passive
                                  0000530c         4   [near pointer]
    }
  _g_ChildTableLengthClass20
                                  0000530e         2   data ,g         1
  _g_Class22_billscript
                                  00005310         8   data ,g         1
    struct tag_action_item_t {
                                                   8
      _g_Class22_billscript.script_logical_name
                                  00005310         6   unsigned char
      _g_Class22_billscript.script_selector
                                  00005316         2   unsigned short
    }
  _g_Class22_bill_exetime
                                  00005318         4   data ,g         3
    struct tag_execution_time_date_t {
                                                   4
      _g_Class22_bill_exetime.p_time
                                  00005318         4   [near pointer]
      _g_Class22_bill_exetime.p_date
                                  0000531a         4   [near pointer]
    }
  _g_Class22_billtype
                                  0000531c         1   data ,g         1
  _g_ChildTableClass22
                                  0000531e        10   data ,g         1
    struct tag_class22_child_record_t {
                                                  10
      _g_ChildTableClass22.logical_name
                                  0000531e         6   unsigned char
      _g_ChildTableClass22.p_access_right
                                  00005324         4   [near pointer]
      _g_ChildTableClass22.p_executed_script
                                  00005326         4   [near pointer]
      _g_ChildTableClass22.p_type
                                  00005328         4   [near pointer]
      _g_ChildTableClass22.p_execution_time
                                  0000532a         4   [near pointer]
      _g_ChildTableClass22.nr_execution_time
                                  0000532c         1   unsigned char
    }
  _g_ChildTableLengthClass22
                                  0000532e         2   data ,g         1
  _g_Class23_device_addr
                                  00005330         2   data ,g         1
  _g_Class23_comm_speed
                                  00005332         1   data ,g         1
  _g_Class23_window_size_transmit
                                  00005333         1   data ,g         1
  _g_Class23_window_size_receive
                                  00005334         1   data ,g         1
  _g_Class23_max_info_field_length_transmit
                                  00005336         2   data ,g         1
  _g_Class23_max_info_field_length_receive
                                  00005338         2   data ,g         1
  _g_Class23_inter_octet_time_out
                                  0000533a         2   data ,g         1
  _g_Class23_inactivity_time_out
                                  0000533c         2   data ,g         1
  _g_ChildTableClass23
                                  0000533e        18   data ,g         1
    struct tag_class23_child_record_t {
                                                  18
      _g_ChildTableClass23.logical_name
                                  0000533e         6   unsigned char
      _g_ChildTableClass23.p_access_right
                                  00005344         4   [near pointer]
      _g_ChildTableClass23.p_comm_speed
                                  00005346         4   [near pointer]
      _g_ChildTableClass23.p_window_size_transmit
                                  00005348         4   [near pointer]
      _g_ChildTableClass23.p_window_size_receive
                                  0000534a         4   [near pointer]
      _g_ChildTableClass23.p_max_info_field_length_transmit
                                  0000534c         4   [near pointer]
      _g_ChildTableClass23.p_max_info_field_length_receive
                                  0000534e         4   [near pointer]
      _g_ChildTableClass23.p_inter_octet_time_out
                                  00005350         4   [near pointer]
      _g_ChildTableClass23.p_inactivity_time_out
                                  00005352         4   [near pointer]
      _g_ChildTableClass23.p_device_address
                                  00005354         4   [near pointer]
    }
  _g_ChildTableLengthClass23
                                  00005356         2   data ,g         1
  _g_Class64_obj0_master_key
                                  00005358        10   data ,g         1
  _g_Class64_obj1_master_key
                                  00005368        10   data ,g         1
  _g_ChildTableClass64
                                  00005378        38   data ,g         d
    struct tag_class64_child_record_t {
                                                  1c
      _g_ChildTableClass64.logical_name
                                  00005378         6   unsigned char
      _g_ChildTableClass64.p_access_right
                                  0000537e         4   [near pointer]
      _g_ChildTableClass64.p_security_policy
                                  00005380         4   [near pointer]
      _g_ChildTableClass64.p_security_suit
                                  00005382         4   [near pointer]
      _g_ChildTableClass64.p_client_title
                                  00005384         4   [near pointer]
      _g_ChildTableClass64.p_server_title
                                  00005386         4   [near pointer]
      _g_ChildTableClass64.p_master_key
                                  00005388         4   [near pointer]
      _g_ChildTableClass64.p_global_unicast_key
                                  0000538a         4   [near pointer]
      _g_ChildTableClass64.p_global_broadcast_key
                                  0000538c         4   [near pointer]
      _g_ChildTableClass64.p_dedicated_unicast_key
                                  0000538e         4   [near pointer]
      _g_ChildTableClass64.p_authentication_key
                                  00005390         4   [near pointer]
      _g_ChildTableClass64.p_frame_counter
                                  00005392         4   [near pointer]
    }
  _g_ChildTableLengthClass64
                                  000053b0         2   data ,g         2
FILE=Output\r_dlms_user_interface.obj
                                  000053b2  000053d5        24
  _g_DayOfWeek
                                  000053b2         7   data ,g         2
FILE=Output\r_dlms_obis.obj
                                  000053d6  000059f3       61e
  _g_MasterTable
                                  000053d6       5cc   data ,g        18
    struct tag_master_record_t {
                                                   e
      _g_MasterTable.class_version
                                  000053d6         1   unsigned char
      _g_MasterTable.number_attrs
                                  000053d7         1   unsigned char
      _g_MasterTable.number_methods
                                  000053d8         1   unsigned char
      _g_MasterTable.fp_distributor
                                  000053da         4   [far pointer]
      _g_MasterTable.child_list_size
                                  000053de         4   [near pointer]
      _g_MasterTable.child_list_pointer
                                  000053e0         4   [near pointer]
      _g_MasterTable.child_item_size
                                  000053e2         2   unsigned short
    }
  _g_TotalMasterTableElements
                                  000059a2         2   data ,g         6
FILE=Output\r_dlms_obis_ic.obj
                                  000059f4  00005ae1        ee
  _MaxReceivePduSize@5@R_OBIS_DistributeAssociationLNClass
                                  000059fc         2   data ,l         2
  _MaxSendPduSize@6@R_OBIS_DistributeAssociationLNClass
                                  000059fe         2   data ,l         2
FILE=Output\DLMS_User.obj
                                  00005ae2  00005b1b        3a
  _ServerPhysicalAddress
                                  00005ae2         4   data ,g         1
  _DeviceAddress
                                  00005ae6         7   data ,g         1
  _ManufacturerID
                                  00005aed         4   data ,g         1
  _ID
                                  00005af1         4   data ,g         1
  _UserServerConfig
                                  00005af6        26   data ,g         1
    struct  {
                                                  26
      _UserServerConfig.Channel_info
                                  00005af6         4   [near pointer]
      _UserServerConfig.SerialInit_FuncPtr
                                  00005af8         4   [far pointer]
      _UserServerConfig.SerialConfig_FuncPtr
                                  00005afc         4   [far pointer]
      _UserServerConfig.SerialTx_FuncPtr
                                  00005b00         4   [far pointer]
      _UserServerConfig.Server_Buffer
                                  00005b04         4   [near pointer]
      _UserServerConfig.ServerPhysicalAddress
                                  00005b06         4   [near pointer]
      _UserServerConfig.DeviceAddress
                                  00005b08         4   [near pointer]
      _UserServerConfig.ManufacturerID
                                  00005b0a         4   [near pointer]
      _UserServerConfig.ID
                                  00005b0c         4   [near pointer]
      _UserServerConfig.Server_BufferSize
                                  00005b0e         2   unsigned short
      _UserServerConfig.Response_Timeout
                                  00005b10         2   unsigned short
      _UserServerConfig.Inactivity_Timeout
                                  00005b12         2   unsigned short
      _UserServerConfig.Interframe_Timeout
                                  00005b14         2   unsigned short
      _UserServerConfig.Channel_maxcount
                                  00005b16         1   unsigned char
      _UserServerConfig.AdressByteMode
                                  00005b17         1   unsigned char
      _UserServerConfig.IEC_BaudRate
                                  00005b18         1   unsigned char
      _UserServerConfig.HDLC_BaudRate
                                  00005b19         1   unsigned char
      _UserServerConfig.Windows_size
                                  00005b1a         1   unsigned char
      _UserServerConfig.dummy
                                  00005b1b         1   unsigned char
    }
FILE=Output\AppTampers.obj
                                  00005b1c  00005b67        4c
  _dlmsEventCode
                                  00005b1c        12   data ,g         1
  _EventCountIndex
                                  00005b2e         9   data ,g         7
  _EventLen
                                  00005b37         4   data ,g         9
  _startAdd
                                  00005b3c         8   data ,g         2
FILE=Output\AppNMTask.obj
                                  00005b68  00005b6b         4
  _nmgbltotaldays
                                  00005b68         4   data ,g         3
FILE=aes
                                  00005b6c  00005e6a       2ff
  _sbox@4
                                  00005b6c       100   data ,l         1
  _rsbox@5
                                  00005c6c       100   data ,l         1
  _Rcon@6
                                  00005d6c        ff   data ,l         1
FILE=DLMS_Wrapper
                                  00005e6c  00005e9a        2f
  _DLMSVersion
                                  00005e6c         7   data ,g         0
  _DLMSInfo
                                  00005e73        28   data ,g         0
FILE=rl78_sw_dc_correction_config
                                  00005e9c  00005eaf        14
  _g_dc_imunity_config_default_4k_50Hz
                                  00005e9c         a   data ,g         0
  _g_dc_imunity_config_default_2k_50Hz
                                  00005ea6         a   data ,g         1
    struct tag_dc_imunity_config_t {
                                                   a
      _g_dc_imunity_config_default_2k_50Hz.peak_detect_cycle
                                  00005ea6         2   unsigned short
      _g_dc_imunity_config_default_2k_50Hz.dc_continous_count
                                  00005ea8         2   unsigned short
      _g_dc_imunity_config_default_2k_50Hz.max_dc_count
                                  00005eaa         2   unsigned short
      _g_dc_imunity_config_default_2k_50Hz.dc_operation_max_sample_count
                                  00005eac         2   unsigned short
      _g_dc_imunity_config_default_2k_50Hz.dc_operation_min_sample_count
                                  00005eae         2   unsigned short
    }
FILE=fcs
                                  00005eb0  000060af       200
  _fcstab
                                  00005eb0       200   data ,g         2

SECTION=.text
FILE=Output\cstart.obj
                                  000060b0  00006109        5a
  _start
                                  000060b0         0   none ,g         0
  _exit
                                  00006108         0   none ,g         1
FILE=Output\d8bitTimer.obj
                                  0000610a  00006147        3e
  _Interrupt_16BIT_TIMER0@1
                                  0000610a        27   func ,l         0
  _Interrupt_16BIT_TIMER1@1
                                  00006131        17   func ,l         0
FILE=Output\dRtc.obj
                                  00006148  0000615d        16
  _Interrupt_RTC_SECOND@1
                                  00006148        16   func ,l         0
FILE=Output\di2c.obj
                                  0000615e  00006187        2a
  _r_iica0_interrupt@1
                                  0000615e        2a   func ,l         0
FILE=Output\dIOCtrl.obj
                                  00006188  000061ad        26
  _Interrupt_mains_supply@1
                                  00006188         2   func ,l         0
  _Interrupt_Push_Button@1
                                  0000618a        22   func ,l         0
  _Interrupt_Cover_Switch@1
                                  000061ac         2   func ,l         0
FILE=Output\dUart.obj
                                  000061ae  000062d3       126
  _UART0_Interrupt_Receive@1
                                  000061ae       112   func ,l         0
  _UART0_Interrupt_Send@1
                                  000062c0         5   func ,l         0
  _UART2_Interrupt_Receive@1
                                  000062c5         a   func ,l         0
  _UART2_Interrupt_Send@1
                                  000062cf         5   func ,l         0
FILE=Output\d12bitTimer.obj
                                  000062d4  000063cf        fc
  _Interrupt_12BIT_TIMER@1
                                  000062d4        fc   func ,l         0
FILE=Output\dDeltaSigmaADC.obj
                                  000063d0  000068c1       4f2
  _Interrupt_DSAD@1
                                  000063d0       4f2   func ,l         0
FILE=Output\dLVD.obj
                                  000068c2  000068c5         4
  _Interrupt_LVD@1
                                  000068c2         4   func ,l         0
FILE=Output\dOsd.obj
                                  000068c6  000068d4         f
  _Interrupt_OSD@1
                                  000068c6         f   func ,l         0

SECTION=.RLIB
FILE=memcpy
                                  000068d5  000068e5        11
  _memcpy
                                  000068d5         0   none ,g        20
FILE=memset
                                  000068e6  000068f3         e
  _memset
                                  000068e6         0   none ,g        10
FILE=_COM_faddsub
                                  000068f4  00006a2e       13b
  __COM_fsub
                                  00006950         0   none ,g         0
  __COM_fadd
                                  00006958         0   none ,g         3
FILE=_COM_fdiv
                                  00006a2f  00006b5c       12e
  __COM_fdiv
                                  00006a8e         0   none ,g         2
FILE=_COM_ftosl
                                  00006b5d  00006b64         8
  __COM_ftosl
                                  00006b5d         0   none ,g         1
FILE=_COM_ftoul
                                  00006b65  00006b70         c
  __COM_ftoul
                                  00006b65         0   none ,g         9
FILE=_COM_llmul
                                  00006b71  00006bba        4a
  __COM_llmul
                                  00006b71         0   none ,g         5
  __REL_llmul_addh
                                  00006ba9         0   none ,g         2
FILE=_COM_lshr
                                  00006bbb  00006bdb        21
  __COM_lshr
                                  00006bc5         0   none ,g         2
FILE=_COM_sidiv
                                  00006bdc  00006bfd        22
  __COM_sidiv
                                  00006bde         0   none ,g         2
FILE=_COM_sldiv
                                  00006bfe  00006c4c        4f
  __COM_sldiv
                                  00006c03         0   none ,g        26
FILE=_COM_slldiv
                                  00006c4d  00006c9f        53
  __COM_slldiv
                                  00006c4d         0   none ,g         2
FILE=_COM_sltof
                                  00006ca0  00006cb7        18
  __COM_sltof
                                  00006ca0         0   none ,g         1
FILE=_COM_ulldiv
                                  00006cb8  00006ce1        2a
  __COM_ulldiv
                                  00006cb8         0   none ,g         b
FILE=_COM_ulltof
                                  00006ce2  00006ced         c
  __COM_ulltof
                                  00006ce2         0   none ,g         7
FILE=_COM_ultof
                                  00006cee  00006cf3         6
  __COM_ultof
                                  00006cee         0   none ,g         3
FILE=_COM_fmul
                                  00006cf4  00006de0        ed
  __COM_fmul
                                  00006d3f         0   none ,g         2
FILE=_COM_lmul
                                  00006de1  00006dfb        1b
  __COM_lmul
                                  00006de1         0   none ,g         2
FILE=_COM_mulul
                                  00006dfc  00006e58        5d
  __COM_mulul
                                  00006dfc         0   none ,g         1
FILE=_COM_sirem
                                  00006e59  00006e78        20
  __COM_sirem
                                  00006e59         0   none ,g         1
FILE=_REL_ftol
                                  00006e79  00006ead        35
  __REL_ftol
                                  00006e79         0   none ,g         2
FILE=_REL_f_inf
                                  00006eae  00006eb5         8
  __REL_f_inf
                                  00006eae         0   none ,g         5
FILE=_REL_f_norm
                                  00006eb6  00006ec5        10
  __REL_f_norm
                                  00006eb6         0   none ,g         3
FILE=_REL_f_round
                                  00006ec6  00006ed8        13
  __REL_f_round
                                  00006ec6         0   none ,g         4
FILE=_REL_lldiv
                                  00006ed9  000070df       207
  __REL_lldiv
                                  00006ef5         0   none ,g         2
FILE=_REL_llrev
                                  000070e0  000070ff        20
  __REL_llrev
                                  000070e0         0   none ,g         3
FILE=_REL_lltof
                                  00007100  0000715c        5d
  __REL_lltof
                                  00007100         0   none ,g         1
FILE=_REL_ltof
                                  0000715d  000071a6        4a
  __REL_ltof
                                  0000715d         0   none ,g         2
FILE=_REL_ltosl
                                  000071a7  000071cb        25
  __REL_ltosl
[...]
                                 0001eb77 0084(0001ecb1:.textf)
                                          0084(0001ed0b:.textf)
                                          0084(0001ed9d:.textf)
                                          0084(0001ee27:.textf)
                 _DataLinkHDLCEncodeEnd
                                 0001ebfa 0084(0001ecc5:.textf)
                                          0084(0001ed30:.textf)
                                          0084(0001ee09:.textf)
                 _DataLinkConnectionRequest
                                 0001ec89 0055(0001c416:.textf)
                 _DataLinkConnectionRespond
                                 0001eca3 0055(0001c44a:.textf)
                 _DataLinkDisConnectionRequest
                                 0001ecf2 0055(0001c42c:.textf)
                 _DataLinkDisConnectionRespond
                                 0001ecfd 0055(0001c3aa:.textf)
                                          0055(0001c437:.textf)
                 _DataLinkUIRecieved
                                 0001ed52 0055(0001c43f:.textf)
                                          0055(0001c452:.textf)
                 _DataLinkInfoRecieved
                                 0001ed5d 0055(0001c472:.textf)
                 _DataLinkInfoResponse
                                 0001ed77 0055(0001c484:.textf)
                 _DataLinkRRRecieved
                                 0001eda8 0055(0001c491:.textf)
                 _DataLinkRRRespond
                                 0001edc2 0055(0001c4a2:.textf)
                 _DataLinkFRMRRespond
                                 0001eddc 0055(0001c4c2:.textf)
                 _DataLinkUIEventNotify
                                 0001edf6 0055(0001c45d:.textf)
                                          0055(0001c46c:.textf)
                                          0055(0001c49c:.textf)
                 _DatalinkMemCopy
                                 0001edf9 0058(0001d3c0:.textf)
                                          0058(0001d3d1:.textf)
                                          0058(0001d612:.textf)
                                          0058(0001d641:.textf)
                                          0058(0001d67a:.textf)
                                          0058(0001d6af:.textf)
                                          0058(0001d6c9:.textf)
                                          0058(0001d7aa:.textf)
                                          0058(0001d7b9:.textf)
                                          0058(0001d7c0:.textf)
                                          0058(0001d7dc:.textf)
                                          0058(0001d7e6:.textf)
                                          0058(0001d7f8:.textf)
                                          0058(0001d812:.textf)
                                          0058(0001d83a:.textf)
                                          0058(0001d84b:.textf)
                                          0083(0001e01a:.textf)
                                          0083(0001e02e:.textf)
                                          0083(0001e056:.textf)
                                          0083(0001e08c:.textf)
                                          0083(0001e0a0:.textf)
                                          0083(0001e1f7:.textf)
                                          0083(0001e23d:.textf)
                                          0083(0001e295:.textf)
                                          0083(0001e2c6:.textf)
                                          0083(0001e348:.textf)
                                          0083(0001e357:.textf)
                                          0083(0001e399:.textf)
                                          0083(0001e3d4:.textf)
                                          0083(0001e4d2:.textf)
                                          0083(0001e516:.textf)
                                          0083(0001e604:.textf)
                                          0083(0001e76a:.textf)
                                          0083(0001e778:.textf)
                                          0083(0001e7b6:.textf)
                                          0083(0001e7c4:.textf)
                                          0086(0001f09d:.textf)
                                          0086(0001f0de:.textf)
                                          0087(0001f111:.textf)
                                          0103(0001f57d:.textf)
                                          0103(0001f5a3:.textf)
                                          0103(0001f698:.textf)
                                          0104(0001f6b9:.textf)
     SECTION=.bss
                 _HDLC_FrameOutput
                                 000ffb9c 0084(0001eb7a:.textf)
                                          0084(0001eb83:.textf)
                                          0084(0001eb86:.textf)
                                          0084(0001eb8c:.textf)
                                          0084(0001eb92:.textf)
                                          0084(0001eb9e:.textf)
                                          0084(0001ebb6:.textf)
                                          0084(0001ebc1:.textf)
                                          0084(0001ebe9:.textf)
                                          0084(0001ebed:.textf)
                                          0084(0001ebf4:.textf)
                                          0084(0001ebf7:.textf)
                                          0084(0001ecb6:.textf)
                                          0084(0001ecc2:.textf)
                                          0084(0001ed18:.textf)
                                          0084(0001ed24:.textf)
                                          0084(0001ed2d:.textf)
                                          0084(0001ed82:.textf)
                                          0084(0001edca:.textf)
                                          0084(0001ede4:.textf)
                                          0084(0001ee06:.textf)
                                          0084(0001ee59:.textf)
                 _FRMR_Response
                                 000ffbaa 0084(0001ea26:.textf)
                                          0084(0001ea29:.textf)
                                          0084(0001ea6b:.textf)
                                          0084(0001ea6e:.textf)
                                          0104(0001f6b6:.textf)
0085 Datalink_Timeout
     SECTION=.textf
                 _DataLinkTimeoutInit
                                 0001ee6a 0084(0001e80a:.textf)
                 _DataLinkTimeoutCount
                                 0001eeaa 0061(0001dbd4:.textf)
                 _DataLinkTimeoutResponseSTART
                                 0001ef93
                 _DataLinkTimeoutResponseRESET
                                 0001efa2 0085(0001ee9d:.textf)
                 _DataLinkTimeoutResponseSTOP
                                 0001efaa 0085(0001ee8e:.textf)
                 _DataLinkTimeoutInterFrameSTART
                                 0001efb0 0084(0001e838:.textf)
                 _DataLinkTimeoutInterFrameRESET
                                 0001efbf 0084(0001e81d:.textf)
                                          0084(0001e8a6:.textf)
                                          0085(0001eea8:.textf)
                                          0085(0001ef31:.textf)
                                          0085(0001ef74:.textf)
                 _DataLinkTimeoutInterFrameSTOP
                                 0001efc7 0084(0001e8ac:.textf)
                                          0085(0001ee98:.textf)
                                          0085(0001f000:.textf)
                 _DataLinkTimeoutInactivitySTART
                                 0001efcd 0055(0001c410:.textf)
                                          0084(0001e8d1:.textf)
                                          0084(0001ec7b:.textf)
                                          0084(0001ecec:.textf)
                 _DataLinkTimeoutInactivityRESET
                                 0001efdc 0055(0001c408:.textf)
                                          0084(0001e823:.textf)
                                          0084(0001e8c9:.textf)
                                          0085(0001eea2:.textf)
                                          0085(0001ef2a:.textf)
                 _DataLinkTimeoutInactivitySTOP
                                 0001efe4 0084(0001e83e:.textf)
                                          0085(0001ee93:.textf)
                                          0085(0001ef38:.textf)
0086 ActionService
     SECTION=.textf
                 _ResetActionAsyncService
                                 0001f021
                 _DecodeActionRequestNormal
                                 0001f022 0056(0001c734:.textf)
                 _DecodeActionRequestNextPBlk
                                 0001f074 0056(0001c73b:.textf)
                 _DecodeActionRequestWithList
                                 0001f075 0056(0001c742:.textf)
                 _DecodeActionRequestWithFirstBlk
                                 0001f076 0056(0001c749:.textf)
                 _DecodeActionRequestListFirstBlk
                                 0001f077 0056(0001c750:.textf)
                 _DecodeActionRequestWithPBlk
                                 0001f078 0056(0001c757:.textf)
                 _DecodeActionRequestFail
                                 0001f079 0056(0001c72d:.textf)
                 _EncodeActionResponseNormal
                                 0001f07a 0056(0001c7a7:.textf)
                 _EncodeActionResponseWithPBlk
                                 0001f0d5 0056(0001c792:.textf)
                 _EncodeActionResponseNextPBlk
                                 0001f0d7 0056(0001c7a0:.textf)
                 _EncodeActionResponseWithList
                                 0001f0d9 0056(0001c799:.textf)
                 _EncodeActionResponseFail
                                 0001f0db 0056(0001c78b:.textf)
     SECTION=.bss
                 _Action_Req_Normal
                                 000ffbae 0086(0001f026:.textf)
                                          0086(0001f035:.textf)
                                          0086(0001f04e:.textf)
                                          0086(0001f06a:.textf)
                 _ActionResponseNormal
                                 000ffbbc 0086(0001f051:.textf)
                                          0086(0001f06f:.textf)
                                          0086(0001f08e:.textf)
                                          0086(0001f09a:.textf)
                 _Action_Data_Pointer
                                 000ffbc0 0086(0001f081:.textf)
                                          0086(0001f0a1:.textf)
                                          0086(0001f0bc:.textf)
0087 EventService
     SECTION=.textf
                 _EncodeEventNotificationRequest
                                 0001f0e4 0056(0001c7e9:.textf)
0088 errno
     SECTION=.dataR
                 _errno
                                 000fe43e 0064(0000722f:.SLIB)
                                          0066(000072aa:.SLIB)
                                          0066(000072b2:.SLIB)
     SECTION=.data
0089 _COM_fmul
     SECTION=.RLIB
                 __COM_fmul
                                 00006d3f 0066(00007282:.SLIB)
                                          0066(00007293:.SLIB)
0090 _COM_lmul
     SECTION=.RLIB
                 __COM_lmul
                                 00006de1 0074(00006b8a:.RLIB)
                                          0074(00006b9f:.RLIB)
0091 _COM_mulul
     SECTION=.RLIB
                 __COM_mulul
                                 00006dfc 0074(00006b81:.RLIB)
0092 _COM_sirem
     SECTION=.RLIB
                 __COM_sirem
                                 00006e59 0060(0001db4e:.textf)
0093 _REL_ftol
     SECTION=.RLIB
                 __REL_ftol
                                 00006e79 0072(00006b5e:.RLIB)
                                          0073(00006b6b:.RLIB)
0094 _REL_f_inf
     SECTION=.RLIB
                 __REL_f_inf
                                 00006eae 0070(000069e7:.RLIB)
                                          0071(00006a78:.RLIB)
                                          0071(00006b18:.RLIB)
                                          0089(00006d11:.RLIB)
                                          0089(00006db4:.RLIB)
0095 _REL_f_norm
     SECTION=.RLIB
                 __REL_f_norm
                                 00006eb6 0071(00006a59:.RLIB)
                                          0071(00006a84:.RLIB)
                                          0089(00006d32:.RLIB)
0096 _REL_f_round
     SECTION=.RLIB
                 __REL_f_round
                                 00006ec6 0070(000069f4:.RLIB)
                                          0070(00006a2c:.RLIB)
                                          0071(00006b5a:.RLIB)
                                          0089(00006dc1:.RLIB)
0097 _REL_lldiv
     SECTION=.RLIB
                 __REL_lldiv
                                 00006ef5 0078(00006c94:.RLIB)
                                          0080(00006cdf:.RLIB)
0098 _REL_llrev
     SECTION=.RLIB
                 __REL_llrev
                                 000070e0 0078(00006c79:.RLIB)
                                          0078(00006c89:.RLIB)
                                          0078(00006c9c:.RLIB)
0099 _REL_lltof
     SECTION=.RLIB
                 __REL_lltof
                                 00007100 0081(00006ceb:.RLIB)
0100 _REL_ltof
     SECTION=.RLIB
                 __REL_ltof
                                 0000715d 0079(00006cb5:.RLIB)
                                          0082(00006cf1:.RLIB)
0101 _REL_ltosl
     SECTION=.RLIB
                 __REL_ltosl
                                 000071a7 0072(00006b62:.RLIB)
0102 SNRM_UA
     SECTION=.textf
                 _DataLinkSNRMdecode
                                 0001f120 0084(0001ec93:.textf)
                 _DataLinkUAencode
                                 0001f233 0084(0001ecb9:.textf)
                                          0084(0001ed1b:.textf)
                 _DataLinkDMencode
                                 0001f355 0084(0001ed27:.textf)
0103 IFRAME
     SECTION=.textf
                 _DataLinkSegmentClear
                                 0001f36a 0084(0001e7fd:.textf)
                                          0103(0001f44d:.textf)
                 _DataLinkIFrameDecode
                                 0001f394 0084(0001ed67:.textf)
                 _IFrameDataDecode
                                 0001f46f 0103(0001f432:.textf)
                 _DataLinkIFrameEncode
                                 0001f4e8 0084(0001ed85:.textf)
                 _IFrameDataEncode
                                 0001f5c0 0103(0001f502:.textf)
                 _DataLinkRRDecode
                                 0001f61e 0084(0001edb2:.textf)
                 _DataLinkRREncode
                                 0001f648 0084(0001edcd:.textf)
0104 FRMR
     SECTION=.textf
                 _DataLinkFRMRencode
                                 0001f69c 0084(0001ede7:.textf)
0105 fcs
     SECTION=.const
                 _fcstab
                                 00005eb0 0105(0001f6f2:.textf)
                                          0105(0001f6fe:.textf)
     SECTION=.textf
                 _CalcFcs
                                 0001f6c8 0084(0001ee48:.textf)
                                          0084(0001ee60:.textf)
     SECTION=.bss
                 _current
                                 000ffbc2 0105(0001f6d4:.textf)
                                          0105(0001f70d:.textf)
                                          0105(0001f71c:.textf)
                 _test
                                 000ffbc4 0105(0001f6cd:.textf)
                 _test2
                                 000ffbc6 0105(0001f6e9:.textf)
                 _test3
                                 000ffbc8 0105(0001f6f5:.textf)
0106 _COM_mului
     SECTION=.RLIB
                 __COM_mului
                                 000071cc 0091(00006e02:.RLIB)
                                          0091(00006e11:.RLIB)
                                          0091(00006e27:.RLIB)
                                          0091(00006e44:.RLIB)
0107 _REL_setexp_ll
     SECTION=.RLIB
                 __REL_setexp_ll
                                 000071d0 0099(00007116:.RLIB)
0108 rlink_generates_01
     SECTION=.option_byte
0109 rlink_generates_02
     SECTION=.monitor1
     SECTION=.monitor2
0110 rlink_generates_03
     SECTION=.security_id
0111 rlink_generates_04
     SECTION=.vect
0112 rlink_generates_05
     SECTION=
                 __s.vect
                                 00000000
                 __e.vect
                                 00000080
                 __s.option_byte
                                 000000c0
                 __e.option_byte
                                 000000c4
                 __s.security_id
                                 000000c4
                 __s.monitor1
                                 000000ce
                 __e.security_id
                                 000000ce
                 __e.monitor1
                                 000000d8
                 __sDEFAULT_SET_AT400
                                 00000400
                 __eDEFAULT_SET_AT400
                                 00000536
                 __sBOOT_VTABLE_AT1000
                                 00001000
                 __s.const
                                 00003000
                 __eBOOT_VTABLE_AT1000
                                 00003000
                 __s.text
                                 000060b0
                 __e.const
                                 000060b0
                 __e.text
                                 000068d5
                 __s.RLIB
                                 000068d5
                 __e.RLIB
                                 0000721a
                 __s.SLIB
                                 0000721a
                 __s.textf
                                 00007476
                 __e.SLIB
                                 00007476
                 __e.textf
                                 0001f721
                 __s.constf
                                 0001f722
                 __e.constf
                                 0001f722
                 __s.data
                                 0001f722
                 __e.data
                                 0001fc62
                 __s.sdata
                                 0001fc62
                 __e.sdata
                                 0001fc62
                 __s.monitor2
                                 0001fe00
                 __e.monitor2
                                 00020000
                 __s.dataR
                                 000fdf00
                 __RAM_ADDR_START
                                 000fdf00
                 __s.bss
                                 000fe440
                 __e.dataR
                                 000fe440
                 __e.bss
                                 000ffbca
                 __STACK_ADDR_END
                                 000ffbca 0002(000060b5:.text)
                 __s.sbss
                                 000ffe20
                 __e.sbss
                                 000ffe20
                 __s.sdataR
                                 000ffe20
                 __e.sdataR
                                 000ffe20
                 __STACK_ADDR_START
                                 000ffe20 0002(000060b2:.text)
                 __RAM_ADDR_END
                                 000ffee0
